// Vitest Snapshot v1

exports[`(components/common) Form > take snap shot 1`] = `
<div>
  <div
    class="css-1e3hdvz"
  >
    <label
      class="css-pkyrm3"
    >
      This is test
    </label>
    <input
      class="css-1f8go5f"
      name="search"
      type="search"
      value=""
    />
    <button
      class="css-177jtcm-Button"
    >
      <p
        class="css-7rlnkq-Button"
      >
        This is test
      </p>
    </button>
  </div>
</div>
`;
