// Vitest Snapshot v1

exports[`(components/common) List > take snap shot 1`] = `
<div>
  <ul
    class="css-xwcszh"
  >
    <li
      class="css-1mb2k9r"
    >
      <p
        class="css-1n0cxvl"
      >
        Test1
      </p>
      <button
        class="css-177jtcm-Button"
      >
        <p
          class="css-7rlnkq-Button"
        >
          入場記録
        </p>
      </button>
    </li>
    <li
      class="css-1mb2k9r"
    >
      <p
        class="css-1n0cxvl"
      >
        Test2
      </p>
      <button
        class="css-177jtcm-Button"
      >
        <p
          class="css-7rlnkq-Button"
        >
          入場記録
        </p>
      </button>
    </li>
    <li
      class="css-1mb2k9r"
    >
      <p
        class="css-1n0cxvl"
      >
        Test3
      </p>
      <button
        class="css-177jtcm-Button"
      >
        <p
          class="css-7rlnkq-Button"
        >
          入場記録
        </p>
      </button>
    </li>
    <li
      class="css-1mb2k9r"
    >
      <p
        class="css-1n0cxvl"
      >
        Test4
      </p>
      <button
        class="css-177jtcm-Button"
      >
        <p
          class="css-7rlnkq-Button"
        >
          入場記録
        </p>
      </button>
    </li>
    <li
      class="css-1mb2k9r"
    >
      <p
        class="css-1n0cxvl"
      >
        Test5
      </p>
      <button
        class="css-177jtcm-Button"
      >
        <p
          class="css-7rlnkq-Button"
        >
          入場記録
        </p>
      </button>
    </li>
  </ul>
</div>
`;
