// Vitest Snapshot v1

exports[`(components/pages) Search > take snap shot 1`] = `
<div>
  <div
    class="css-744st7"
  >
    <div
      class="css-1e3hdvz"
    >
      <label
        class="css-pkyrm3"
      >
        フルネーム：
      </label>
      <input
        class="css-1f8go5f"
        name="search"
        type="search"
        value=""
      />
      <button
        class="css-177jtcm-Button"
      >
        <p
          class="css-7rlnkq-Button"
        >
          検索する
        </p>
      </button>
    </div>
    <ul
      class="css-1c39pzn"
    >
      <li
        class="css-1mb2k9r"
      >
        <p
          class="css-1n0cxvl"
        >
          こうせんたろう
        </p>
        <button
          class="css-177jtcm-Button"
        >
          <p
            class="css-7rlnkq-Button"
          >
            入場記録
          </p>
        </button>
      </li>
      <li
        class="css-1mb2k9r"
      >
        <p
          class="css-1n0cxvl"
        >
          こうせんはなこ
        </p>
        <button
          class="css-177jtcm-Button"
        >
          <p
            class="css-7rlnkq-Button"
          >
            入場記録
          </p>
        </button>
      </li>
      <li
        class="css-1mb2k9r"
      >
        <p
          class="css-1n0cxvl"
        >
          あおやまじろう
        </p>
        <button
          class="css-177jtcm-Button"
        >
          <p
            class="css-7rlnkq-Button"
          >
            入場記録
          </p>
        </button>
      </li>
      <li
        class="css-1mb2k9r"
      >
        <p
          class="css-1n0cxvl"
        >
          みのうらたろう
        </p>
        <button
          class="css-177jtcm-Button"
        >
          <p
            class="css-7rlnkq-Button"
          >
            入場記録
          </p>
        </button>
      </li>
      <li
        class="css-1mb2k9r"
      >
        <p
          class="css-1n0cxvl"
        >
          ほりえたろう
        </p>
        <button
          class="css-177jtcm-Button"
        >
          <p
            class="css-7rlnkq-Button"
          >
            入場記録
          </p>
        </button>
      </li>
    </ul>
  </div>
</div>
`;
