// Vitest Snapshot v1

exports[`(components/pages) Search > take snap shot 1`] = `
<div>
  <div
    class="css-744st7"
  >
    <div
      class="css-1e3hdvz"
    >
      <label
        class="css-pkyrm3"
      >
        フルネーム:
      </label>
      <input
        class="css-12hiyjf"
        maxlength="15"
        name="search"
        required=""
        type="search"
      />
      <button
        class="css-177jtcm-Button"
      >
        <p
          class="css-7rlnkq-Button"
        >
          検索する
        </p>
      </button>
      <label
        class="css-pkyrm3"
      />
    </div>
     
    <ul
      class="css-1c39pzn"
    >
      <li
        class="css-1mb2k9r"
      >
        サンプル
        <button
          class="css-177jtcm-Button"
        >
          <p
            class="css-7rlnkq-Button"
          >
            入場記録
          </p>
        </button>
      </li>
    </ul>
     
    <div
      class="Toastify"
    />
    <div
      class="Toastify"
    />
  </div>
</div>
`;
